null
31 
19 
null
null
31 
31 
47 75 
52 
47 75 
null
null
8 47 75 
null
30 
37 
93 
null
8 47 75 80 
8 47 75 80 
null
8 25 75 80 
31 52 78 
null
12 
29 73 
null
31 52 78 
null
26 56 
null
31 52 78 
8 25 75 80 
4 
43 
4 7 
93 
null
10 27 
4 7 
91 
43 50 54 58 79 
null
55 
94 95 
71 
97 
93 
26 56 
54 82 
89 
26 56 
91 
55 
31 78 93 
35 
31 78 93 
4 83 
null
4 83 
63 
null
89 
1 37 38 
null
7 60 
5 35 75 80 
1 37 38 
68 
null
1 37 38 
5 35 38 75 80 96 
21 33 43 50 54 58 79 
54 82 
null
5 35 38 75 80 96 
null
26 73 
21 33 43 50 54 58 79 
54 
78 93 
78 93 
23 33 40 67 
59 77 96 
0 
1 18 
4 7 60 
71 
93 
28 
27 
null
74 
59 77 96 
95 
17 
26 35 38 47 75 80 86 96 
4 
null
33 75 79 
66 83 
23 33 40 67 
26 35 38 47 75 80 86 96 
23 33 40 67 
54 82 
68 
21 33 43 46 50 54 58 79 
1 36 
29 
22 38 49 
null
91 
26 35 38 47 52 75 77 80 86 96 
21 33 43 46 50 54 
3 
1 23 37 38 
33 75 79 
31 
27 
null
22 
77 
null
null
4 7 10 60 61 
9 29 65 
2 
70 
null
71 
94 95 
0 7 
94 95 
49 
22 36 40 60 97 
22 38 49 
94 95 
93 
82 
66 
22 38 49 
5 8 26 35 38 47 51 52 75 77 80 86 96 
55 75 
3 
9 29 65 
50 71 
11 26 55 73 
66 
23 40 69 
18 40 47 
null
null
2 49 72 
28 64 
19 46 83 
11 16 26 55 73 
7 10 60 61 
8 29 52 58 
21 33 43 46 50 54 58 79 
31 75 
5 8 25 26 35 38 47 51 52 75 77 80 86 96 97 
63 
21 
47 82 
null
50 
null
19 56 75 
67 
43 
0 7 
null
22 38 49 
28 64 
null
null
null
null
5 8 25 26 35 38 47 51 52 75 77 80 86 96 97 
41 53 77 81 
21 26 33 43 46 50 54 58 79 
11 71 94 
98 
null
31 47 52 54 78 85 88 
2 15 20 51 58 66 
21 26 33 43 46 50 54 58 79 
null
22 38 49 
null
70 
31 39 47 52 54 78 82 85 88 
49 
null
6 11 16 26 55 73 
5 8 26 35 38 51 52 75 77 80 86 96 97 
null
97 
null
94 
null
22 36 40 60 97 
22 38 49 
40 66 97 
50 71 
4 7 60 61 85 
18 
40 66 97 
40 66 
2 15 20 51 58 66 
41 53 77 81 
null
43 
19 21 46 61 83 
44 59 81 88 
10 68 
23 35 37 38 60 71 
65 80 86 
7 46 
41 
31 39 47 52 54 78 82 85 88 
10 51 82 
4 35 
11 12 43 46 
85 
4 35 
0 21 26 33 43 46 54 58 79 
null
22 
6 11 55 73 88 
4 35 
47 
53 
69 
19 21 61 83 
22 43 
8 29 49 52 58 
22 36 40 60 
11 12 43 46 
26 35 38 47 51 52 75 77 80 86 96 
1 
9 36 55 
11 19 56 75 
null
72 
0 
19 21 46 61 83 
11 14 26 55 88 
31 39 47 52 54 78 82 85 88 93 
22 43 
10 27 82 85 
1 
18 54 75 
33 69 75 79 
2 11 15 20 25 51 58 66 
10 
45 
11 71 94 
15 
null
53 58 
11 14 26 55 88 
1 
11 12 43 46 54 
32 
null
9 96 
null
1 4 21 44 59 81 88 
11 95 
75 99 
1 4 21 44 59 81 88 
null
18 
11 14 26 55 88 
23 35 37 38 60 71 
4 60 61 85 96 
51 
11 12 43 54 
26 38 47 51 52 75 77 80 86 
10 27 82 85 
23 
34 35 54 97 
33 47 69 75 79 
0 21 26 28 33 46 54 58 69 90 
35 
null
4 35 58 83 
19 
0 23 35 37 38 60 71 
41 53 77 81 
74 
4 60 61 85 96 
98 
10 31 58 
43 
null
8 29 49 52 58 
40 66 73 86 97 
4 60 61 85 96 
33 47 69 75 79 
8 83 
2 12 14 23 43 60 
8 29 49 52 58 
7 11 14 26 55 88 
31 39 47 52 54 78 82 85 88 
0 23 35 37 38 46 60 71 
null
31 39 47 52 54 78 82 85 88 
7 11 14 26 55 88 
2 12 14 23 43 60 
2 11 15 20 25 51 58 66 82 
70 
null
4 53 60 61 85 96 
null
62 
20 
null
31 39 47 52 54 78 82 85 88 
26 38 51 52 75 77 80 86 96 
28 
64 
7 46 67 91 
19 46 61 83 96 
23 33 34 40 69 
2 11 15 20 25 51 58 66 82 
null
46 
7 11 14 26 55 88 
null
31 39 47 52 54 78 82 85 88 
null
31 39 47 52 54 78 82 85 88 
43 
1 4 21 44 59 63 77 81 88 
5 
31 39 47 52 54 78 82 85 88 93 
50 
11 71 82 88 94 
null
null
4 53 60 61 85 96 
65 
7 46 67 91 
53 63 
71 
43 54 
0 21 26 33 40 46 50 54 57 59 66 69 73 79 90 
0 21 26 33 40 46 50 54 57 59 66 69 73 79 90 
0 7 11 
null
null
0 21 26 33 40 46 50 54 57 59 66 69 73 79 90 
37 41 53 77 81 91 
8 40 73 86 97 
null
3 11 19 31 56 68 75 
2 11 15 20 25 58 66 82 
4 7 53 60 61 85 96 
41 
null
2 11 15 20 25 58 66 82 
10 50 70 
0 7 11 
26 69 74 75 
8 29 49 58 
2 11 15 20 25 58 66 82 
22 38 
0 7 11 
0 26 33 40 46 50 54 57 59 66 69 73 79 90 
0 26 33 40 46 50 54 57 59 66 69 73 79 90 
80 
70 
31 89 
7 
7 11 14 55 56 88 
55 
40 45 61 81 89 92 97 
19 46 51 61 83 96 
23 33 34 38 40 69 
1 4 21 59 63 77 81 88 
30 
7 11 14 55 56 88 
null
0 4 26 33 40 46 50 54 57 59 66 69 73 79 90 
0 23 35 37 46 60 71 
79 
41 
80 
21 34 46 66 83 
67 
43 
31 89 
58 
23 33 34 38 40 67 69 
35 54 96 97 
null
32 
null
0 8 40 65 73 86 97 
7 11 14 55 56 88 
