11 21 
11 21 
12 32 
11 21 31 
12 22 32 
13 23 33 
21 31 
22 32 
23 33 
null
22 32 
null
23 33 
null
