10 20 30 40 43 47 50 60 70 80 83 87 
null
10 20 30 40 43 47 50 60 70 80 83 87 
