10 20 30 40 43 47 50 60 70 80 83 87 90 100 103 107 110 120 123 127 130 133 137 140 
null
10 20 30 40 43 47 50 60 70 80 83 87 90 100 103 107 110 120 123 127 130 133 137 140 
