null
88 89 
49 
88 89 
null
88 89 
88 89 
48 76 
3 88 89 
3 88 89 
32 
48 76 
49 
3 88 89 
null
3 88 89 
29 49 
11 
3 21 88 89 
3 21 88 89 
3 21 88 89 
32 
null
46 
null
21 
null
78 
29 49 
null
null
null
88 
29 49 
null
null
88 
76 
3 21 51 68 88 89 
3 21 51 68 88 89 
null
23 48 76 
3 21 51 63 68 88 89 
3 21 51 63 68 88 89 
36 
3 21 51 63 68 88 89 
26 48 
3 21 51 63 68 88 89 
46 
null
23 48 76 
76 
3 21 51 63 68 88 89 
29 30 42 49 
57 
29 30 42 49 
60 
3 21 51 63 68 88 89 
3 21 51 63 68 88 89 
null
null
3 21 51 63 68 88 89 
null
null
63 
29 30 42 49 87 
3 21 51 63 68 88 89 
88 
null
23 48 76 
null
46 
46 
3 21 51 63 68 88 89 
3 21 51 63 68 88 89 
31 
null
23 48 76 
null
31 
null
88 
3 21 51 63 68 88 89 
29 30 42 49 87 
63 
15 40 76 
85 
24 32 46 
3 15 21 51 63 68 88 89 
57 
3 15 21 45 51 63 68 88 89 
83 
23 48 76 
6 
3 15 21 45 51 63 68 88 89 
85 
21 
29 30 42 49 69 87 
57 
null
3 15 21 45 51 63 68 88 89 
null
23 48 76 
null
36 45 
null
31 
23 48 76 
44 79 
23 
null
null
23 48 76 
3 15 21 45 51 63 68 88 89 93 
46 
23 44 85 
null
21 
23 44 85 
24 
5 
19 
null
3 15 21 45 51 63 68 88 89 93 
null
6 29 30 42 49 69 87 
88 
null
99 
null
14 24 32 40 46 
3 15 21 45 51 63 68 88 89 93 
null
null
null
70 
11 76 
23 25 48 76 
45 
42 65 
26 
57 
null
45 51 
14 
8 44 79 
88 
null
24 38 
3 15 21 45 51 63 67 68 88 89 93 
3 15 21 45 51 63 67 68 88 89 93 
35 
6 29 30 42 49 69 87 
null
3 15 21 45 51 63 67 68 88 89 93 
3 15 21 45 51 63 67 68 79 88 89 93 
26 
null
null
57 59 
null
3 15 21 45 51 63 67 68 79 88 89 93 
null
93 
78 
3 15 21 45 51 63 67 68 79 88 89 93 
6 81 98 
null
33 
3 15 21 45 51 63 67 68 79 88 89 93 
28 36 
23 25 48 76 
23 25 48 76 
3 15 21 45 51 63 67 68 79 88 89 93 
23 25 48 76 
23 44 85 
28 36 
27 46 80 
27 68 
49 78 
60 
3 15 21 45 51 63 67 68 79 88 89 93 
null
21 
3 15 21 45 51 63 67 68 79 88 89 93 
93 
6 29 30 42 49 69 87 
24 
42 65 
21 
47 
88 
15 36 40 76 
82 
null
14 24 32 40 46 
null
3 15 21 45 51 63 67 68 79 88 89 93 
3 15 21 45 51 63 67 68 79 88 89 93 
3 15 21 45 51 63 67 68 79 88 89 93 
45 
12 
18 77 
8 
21 
36 
75 
null
26 48 
null
3 15 21 45 51 63 67 68 79 88 89 93 
11 76 
27 46 80 
6 29 30 42 49 69 87 
null
57 94 
14 24 32 40 46 
23 44 85 
23 25 48 76 91 
3 15 21 45 51 63 67 68 79 88 89 93 
null
null
27 46 80 
63 
null
3 15 21 45 51 63 67 68 79 88 89 93 
18 52 77 
93 
23 25 48 76 91 
null
85 
null
42 65 
33 
null
7 15 36 40 76 
57 94 
null
3 15 21 45 51 63 67 68 79 88 89 93 
26 
63 
57 94 
83 
null
3 15 21 45 51 63 67 68 79 88 89 93 
null
21 50 
26 
36 
13 45 51 
57 
3 15 21 45 51 63 67 68 79 88 89 93 
7 15 36 40 76 
7 15 36 40 76 
42 65 
23 25 48 76 91 
78 
6 29 30 42 49 69 87 
3 13 15 21 45 51 63 67 68 79 88 89 93 
null
47 
23 25 48 76 91 
null
null
null
6 29 30 42 49 69 87 
3 13 15 21 45 51 63 67 68 79 88 89 93 
14 
8 
3 13 15 21 45 51 63 67 68 79 88 89 93 
6 81 86 98 
47 48 
11 76 
11 76 
27 46 80 
6 
93 
null
14 75 
92 
2 66 
8 44 79 
85 
7 15 36 40 54 76 
85 
27 46 80 
21 50 
null
null
9 14 69 70 
57 
null
89 
89 
14 24 32 40 46 56 89 
8 44 79 
69 
67 
3 13 15 21 45 51 63 67 68 79 88 89 93 
60 
26 
8 44 79 
90 
null
76 
14 24 32 40 46 56 89 
null
null
null
88 
3 13 15 21 45 51 63 67 68 79 88 89 93 
94 
23 25 48 76 91 
2 6 
26 48 
null
3 13 15 21 45 51 63 67 68 79 88 89 93 
36 
92 
3 13 15 21 45 51 63 67 68 79 88 89 93 
7 93 
23 25 48 76 91 
57 
63 
18 36 
null
null
null
33 
null
9 14 69 70 
3 12 13 15 21 45 51 63 67 68 79 88 89 93 
5 
3 12 13 15 21 43 45 51 63 67 68 79 88 89 93 
null
11 75 76 
7 15 36 40 54 76 
null
39 86 
18 36 
null
null
35 65 
7 15 36 40 54 76 
39 
19 
47 
23 25 48 76 91 
63 
3 12 13 15 21 43 45 51 63 67 68 79 88 89 93 95 
38 
60 
42 
3 12 13 15 21 43 45 51 63 67 68 79 88 89 93 95 
9 14 69 70 
57 94 
8 
4 
null
23 44 78 85 
null
null
3 12 13 15 21 43 45 51 63 67 68 79 88 89 93 95 
null
32 
8 44 79 
26 48 
24 38 
94 
10 14 17 24 32 40 46 56 77 89 
14 
null
null
14 
null
3 12 13 15 21 43 45 51 63 67 68 79 88 89 93 95 
28 
94 
41 
60 
null
32 75 
null
24 38 
8 
6 22 29 30 42 49 69 87 95 
42 65 
6 30 51 81 86 98 
29 
92 
62 
11 75 76 
6 22 29 30 42 49 69 87 95 
23 44 76 78 85 
27 46 80 
22 
23 44 76 78 85 
90 
